// Jest Snapshot v1, https://goo.gl/fbAQLP

exports[`Import UAC Page import uac page matches Snapshot 1`] = `
Object {
  "asFragment": [Function],
  "baseElement": <body>
    <div>
      <main
        class="ons-page__main ons-u-mt-no"
        id="main-content"
      >
        <ul
          class="ons-list ons-list--bare ons-list--inline ons-u-mt-m"
        >
          <li
            class="ons-list__item"
          >
            <a
              href="/app"
              id="generate-uac-link"
            >
              Home
            </a>
          </li>
        </ul>
        <form
          action="#"
          id="formID"
        >
          <div>
            <div
              class="ons-u-mt-m"
            >
              <div
                class="ons-grid"
              >
                <div
                  class="ons-grid__col ons-col-8@m"
                >
                  <h1>
                    Import UACs from file
                  </h1>
                  <div
                    class="ons-panel ons-panel--info ons-panel--no-title  ons-u-mt-m"
                  >
                    <div
                      class="ons-panel__body "
                    >
                      <p>
                        The UAC file must be a Comma-Separated Values (CSV) file containing the column 
                        <em
                          class="ons-highlight"
                        >
                          Full_UAC
                        </em>
                        .
                      </p>
                    </div>
                  </div>
                  <div
                    class="ons-field"
                  >
                    <label
                      class="ons-label ons-label--with-description"
                      for="uac-selector"
                    >
                      Select a uac file
                    </label>
                    <span
                      class="ons-label__description  ons-input--with-description"
                      id="description-hint"
                    >
                      File type accepted is .csv
                    </span>
                    <input
                      accept=".csv"
                      class="ons-input ons-input--text ons-input-type__input ons-input--upload"
                      id="uac-selector"
                      name="Select a uac file"
                      props="[object Object]"
                      type="file"
                      value=""
                    />
                  </div>
                </div>
              </div>
            </div>
            <div
              class="ons-btn-group ons-u-mt-m"
            >
              <button
                class="ons-btn "
                data-testid="button"
                id="next-screen-button"
                type="submit"
              >
                <span
                  class="ons-btn__inner"
                >
                  Continue
                </span>
              </button>
            </div>
          </div>
        </form>
      </main>
    </div>
  </body>,
  "container": <div>
    <main
      class="ons-page__main ons-u-mt-no"
      id="main-content"
    >
      <ul
        class="ons-list ons-list--bare ons-list--inline ons-u-mt-m"
      >
        <li
          class="ons-list__item"
        >
          <a
            href="/app"
            id="generate-uac-link"
          >
            Home
          </a>
        </li>
      </ul>
      <form
        action="#"
        id="formID"
      >
        <div>
          <div
            class="ons-u-mt-m"
          >
            <div
              class="ons-grid"
            >
              <div
                class="ons-grid__col ons-col-8@m"
              >
                <h1>
                  Import UACs from file
                </h1>
                <div
                  class="ons-panel ons-panel--info ons-panel--no-title  ons-u-mt-m"
                >
                  <div
                    class="ons-panel__body "
                  >
                    <p>
                      The UAC file must be a Comma-Separated Values (CSV) file containing the column 
                      <em
                        class="ons-highlight"
                      >
                        Full_UAC
                      </em>
                      .
                    </p>
                  </div>
                </div>
                <div
                  class="ons-field"
                >
                  <label
                    class="ons-label ons-label--with-description"
                    for="uac-selector"
                  >
                    Select a uac file
                  </label>
                  <span
                    class="ons-label__description  ons-input--with-description"
                    id="description-hint"
                  >
                    File type accepted is .csv
                  </span>
                  <input
                    accept=".csv"
                    class="ons-input ons-input--text ons-input-type__input ons-input--upload"
                    id="uac-selector"
                    name="Select a uac file"
                    props="[object Object]"
                    type="file"
                    value=""
                  />
                </div>
              </div>
            </div>
          </div>
          <div
            class="ons-btn-group ons-u-mt-m"
          >
            <button
              class="ons-btn "
              data-testid="button"
              id="next-screen-button"
              type="submit"
            >
              <span
                class="ons-btn__inner"
              >
                Continue
              </span>
            </button>
          </div>
        </div>
      </form>
    </main>
  </div>,
  "debug": [Function],
  "findAllByAltText": [Function],
  "findAllByDisplayValue": [Function],
  "findAllByLabelText": [Function],
  "findAllByPlaceholderText": [Function],
  "findAllByRole": [Function],
  "findAllByTestId": [Function],
  "findAllByText": [Function],
  "findAllByTitle": [Function],
  "findByAltText": [Function],
  "findByDisplayValue": [Function],
  "findByLabelText": [Function],
  "findByPlaceholderText": [Function],
  "findByRole": [Function],
  "findByTestId": [Function],
  "findByText": [Function],
  "findByTitle": [Function],
  "getAllByAltText": [Function],
  "getAllByDisplayValue": [Function],
  "getAllByLabelText": [Function],
  "getAllByPlaceholderText": [Function],
  "getAllByRole": [Function],
  "getAllByTestId": [Function],
  "getAllByText": [Function],
  "getAllByTitle": [Function],
  "getByAltText": [Function],
  "getByDisplayValue": [Function],
  "getByLabelText": [Function],
  "getByPlaceholderText": [Function],
  "getByRole": [Function],
  "getByTestId": [Function],
  "getByText": [Function],
  "getByTitle": [Function],
  "queryAllByAltText": [Function],
  "queryAllByDisplayValue": [Function],
  "queryAllByLabelText": [Function],
  "queryAllByPlaceholderText": [Function],
  "queryAllByRole": [Function],
  "queryAllByTestId": [Function],
  "queryAllByText": [Function],
  "queryAllByTitle": [Function],
  "queryByAltText": [Function],
  "queryByDisplayValue": [Function],
  "queryByLabelText": [Function],
  "queryByPlaceholderText": [Function],
  "queryByRole": [Function],
  "queryByTestId": [Function],
  "queryByText": [Function],
  "queryByTitle": [Function],
  "rerender": [Function],
  "unmount": [Function],
}
`;
