// Jest Snapshot v1, https://goo.gl/fbAQLP

exports[`Upload Sample Page select file page matches Snapshot 1`] = `
Object {
  "asFragment": [Function],
  "baseElement": <body>
    <div>
      <main
        class="page__main u-mt-no"
        id="main-content"
      >
        <ul
          class="list list--bare list--inline u-mt-m"
        >
          <li
            class="list__item"
          >
            <a
              href="/app"
              id="deploy-questionnaire-link"
            >
              Home
            </a>
          </li>
        </ul>
        <form
          action="#"
          id="formID"
        >
          <div>
            <h1
              class="u-mt-s"
            >
              Select instrument sample
            </h1>
            <div
              class="panel panel--info panel--no-title  u-mt-m"
            >
              <div
                class="panel__body "
              >
                <p>
                  When a sample file is selected and you continue to upload this sample file, 
                  <b>
                    this may take a few minutes
                  </b>
                  .
                  <br />
                  <br />
                  Given this, 
                  <b>
                    do not navigate away
                  </b>
                   from this page during this process. You will be re-directed when there is an update regarding the deploy of the questionnaire.
                </p>
              </div>
            </div>
          </div>
          <div
            class="u-mt-m"
          >
            <div
              class="field"
            >
              <label
                class="label "
                for="instrument-name"
              >
                Instrument name
              </label>
              <input
                class="input input--text input-type__input"
                id="instrument-name"
                name="Instrument name"
                type="input"
                value=""
              />
            </div>
            <div
              class="field"
            >
              <label
                class="label label--with-description"
                for="sample-selector"
              >
                Select sample file
              </label>
              <span
                class="label__description  input--with-description"
                id="description-hint"
              >
                File type accepted is .csv
              </span>
              <input
                accept=".csv"
                class="input input--text input-type__input input--upload"
                id="sample-selector"
                name="Select sample file"
                type="file"
                value=""
              />
            </div>
          </div>
          <div
            class="btn-group u-mt-m"
          >
            <button
              class="btn "
              data-testid="button"
              id="upload-sample-button"
              type="submit"
            >
              <span
                class="btn__inner"
              >
                Continue
              </span>
            </button>
          </div>
        </form>
      </main>
    </div>
  </body>,
  "container": <div>
    <main
      class="page__main u-mt-no"
      id="main-content"
    >
      <ul
        class="list list--bare list--inline u-mt-m"
      >
        <li
          class="list__item"
        >
          <a
            href="/app"
            id="deploy-questionnaire-link"
          >
            Home
          </a>
        </li>
      </ul>
      <form
        action="#"
        id="formID"
      >
        <div>
          <h1
            class="u-mt-s"
          >
            Select instrument sample
          </h1>
          <div
            class="panel panel--info panel--no-title  u-mt-m"
          >
            <div
              class="panel__body "
            >
              <p>
                When a sample file is selected and you continue to upload this sample file, 
                <b>
                  this may take a few minutes
                </b>
                .
                <br />
                <br />
                Given this, 
                <b>
                  do not navigate away
                </b>
                 from this page during this process. You will be re-directed when there is an update regarding the deploy of the questionnaire.
              </p>
            </div>
          </div>
        </div>
        <div
          class="u-mt-m"
        >
          <div
            class="field"
          >
            <label
              class="label "
              for="instrument-name"
            >
              Instrument name
            </label>
            <input
              class="input input--text input-type__input"
              id="instrument-name"
              name="Instrument name"
              type="input"
              value=""
            />
          </div>
          <div
            class="field"
          >
            <label
              class="label label--with-description"
              for="sample-selector"
            >
              Select sample file
            </label>
            <span
              class="label__description  input--with-description"
              id="description-hint"
            >
              File type accepted is .csv
            </span>
            <input
              accept=".csv"
              class="input input--text input-type__input input--upload"
              id="sample-selector"
              name="Select sample file"
              type="file"
              value=""
            />
          </div>
        </div>
        <div
          class="btn-group u-mt-m"
        >
          <button
            class="btn "
            data-testid="button"
            id="upload-sample-button"
            type="submit"
          >
            <span
              class="btn__inner"
            >
              Continue
            </span>
          </button>
        </div>
      </form>
    </main>
  </div>,
  "debug": [Function],
  "findAllByAltText": [Function],
  "findAllByDisplayValue": [Function],
  "findAllByLabelText": [Function],
  "findAllByPlaceholderText": [Function],
  "findAllByRole": [Function],
  "findAllByTestId": [Function],
  "findAllByText": [Function],
  "findAllByTitle": [Function],
  "findByAltText": [Function],
  "findByDisplayValue": [Function],
  "findByLabelText": [Function],
  "findByPlaceholderText": [Function],
  "findByRole": [Function],
  "findByTestId": [Function],
  "findByText": [Function],
  "findByTitle": [Function],
  "getAllByAltText": [Function],
  "getAllByDisplayValue": [Function],
  "getAllByLabelText": [Function],
  "getAllByPlaceholderText": [Function],
  "getAllByRole": [Function],
  "getAllByTestId": [Function],
  "getAllByText": [Function],
  "getAllByTitle": [Function],
  "getByAltText": [Function],
  "getByDisplayValue": [Function],
  "getByLabelText": [Function],
  "getByPlaceholderText": [Function],
  "getByRole": [Function],
  "getByTestId": [Function],
  "getByText": [Function],
  "getByTitle": [Function],
  "queryAllByAltText": [Function],
  "queryAllByDisplayValue": [Function],
  "queryAllByLabelText": [Function],
  "queryAllByPlaceholderText": [Function],
  "queryAllByRole": [Function],
  "queryAllByTestId": [Function],
  "queryAllByText": [Function],
  "queryAllByTitle": [Function],
  "queryByAltText": [Function],
  "queryByDisplayValue": [Function],
  "queryByLabelText": [Function],
  "queryByPlaceholderText": [Function],
  "queryByRole": [Function],
  "queryByTestId": [Function],
  "queryByText": [Function],
  "queryByTitle": [Function],
  "rerender": [Function],
  "unmount": [Function],
}
`;
