// Jest Snapshot v1, https://goo.gl/fbAQLP

exports[`React homepage App page matches snapshot 1`] = `
Object {
  "asFragment": [Function],
  "baseElement": <body>
    <div>
      <div
        class="phase-banner"
      >
        <div
          class="container "
        >
          <div
            class="grid grid--flex grid--gutterless grid--vertical-center grid--no-wrap"
          >
            <div
              class="grid__col col-auto u-flex-no-grow"
            >
              <h3
                class="phase-banner__badge"
              >
                BETA
              </h3>
            </div>
            <div
              class="grid__col col-auto u-flex-shrink"
            >
              <p
                class="phase-banner__desc u-fs-s u-mb-no"
              >
                This is a new service – your 
                <a
                  href="https://ons.service-now.com/"
                >
                  feedback
                </a>
                 will help us improve it.
              </p>
            </div>
          </div>
        </div>
      </div>
      <header
        class="header header--internal"
      >
        <div
          class="header__top"
          role="banner"
        >
          <div
            class="container"
          >
            <div
              class="header__grid-top grid grid--gutterless grid--flex grid--between grid--vertical-center grid--no-wrap "
            >
              <div
                class="grid__col col-auto"
              >
                <a
                  class="header__logo-link"
                  href="/"
                >
                  <picture>
                    <img
                      alt="Office for National Statistics logo"
                      class="header__logo"
                      src="https://cdn.ons.gov.uk/sdc/design-system/31.4.0/img/ons-logo-neg-en.svg"
                    />
                  </picture>
                </a>
              </div>
            </div>
          </div>
        </div>
        <div
          class="header__main"
        >
          <div
            class="container"
          >
            <div
              class="grid grid--gutterless grid--flex grid--between grid--vertical-center grid--no-wrap"
            >
              <div
                class="grid__col col-auto u-flex-shrink"
              >
                <div
                  class="header__title"
                >
                  Generate UACs
                </div>
              </div>
            </div>
          </div>
        </div>
      </header>
      <div
        class="page__container container"
        style="min-height: calc(67vh);"
      >
        <main
          class="page__main"
          id="main-content"
        >
          <ul
            class="list list--bare list--inline u-mt-m"
          >
            <li
              class="list__item"
            >
              <a
                href="/upload"
                id="upload-sample-link"
              >
                Upload sample
              </a>
            </li>
            <li
              class="list__item"
            >
              <a
                href="/import"
                id="import-uacs-link"
              >
                Upload used UACs
              </a>
            </li>
          </ul>
          <h2
            class="u-mt-m"
          >
            Previously uploaded questionnaire samples
          </h2>
          <div>
            <div
              class="u-mt-m"
            >
              <div
                class="panel panel--info panel--no-title panel--spacious u-mt-m"
              >
                <div
                  class="panel__body "
                />
              </div>
            </div>
          </div>
        </main>
      </div>
      <footer
        class="footer"
      >
        <div
          class="footer__body"
          data-analytics="footer"
        >
          <div
            class="container "
          >
            <div
              class="grid grid--flex grid--between"
            >
              <div
                class="grid__col"
              >
                <div
                  class="u-mt-m u-mb-s"
                >
                  <img
                    alt="Office for National Statistics"
                    src="https://ons-design-system.netlify.app/img/ons-logo-black-en.svg"
                  />
                </div>
              </div>
            </div>
          </div>
        </div>
      </footer>
    </div>
  </body>,
  "container": <div>
    <div
      class="phase-banner"
    >
      <div
        class="container "
      >
        <div
          class="grid grid--flex grid--gutterless grid--vertical-center grid--no-wrap"
        >
          <div
            class="grid__col col-auto u-flex-no-grow"
          >
            <h3
              class="phase-banner__badge"
            >
              BETA
            </h3>
          </div>
          <div
            class="grid__col col-auto u-flex-shrink"
          >
            <p
              class="phase-banner__desc u-fs-s u-mb-no"
            >
              This is a new service – your 
              <a
                href="https://ons.service-now.com/"
              >
                feedback
              </a>
               will help us improve it.
            </p>
          </div>
        </div>
      </div>
    </div>
    <header
      class="header header--internal"
    >
      <div
        class="header__top"
        role="banner"
      >
        <div
          class="container"
        >
          <div
            class="header__grid-top grid grid--gutterless grid--flex grid--between grid--vertical-center grid--no-wrap "
          >
            <div
              class="grid__col col-auto"
            >
              <a
                class="header__logo-link"
                href="/"
              >
                <picture>
                  <img
                    alt="Office for National Statistics logo"
                    class="header__logo"
                    src="https://cdn.ons.gov.uk/sdc/design-system/31.4.0/img/ons-logo-neg-en.svg"
                  />
                </picture>
              </a>
            </div>
          </div>
        </div>
      </div>
      <div
        class="header__main"
      >
        <div
          class="container"
        >
          <div
            class="grid grid--gutterless grid--flex grid--between grid--vertical-center grid--no-wrap"
          >
            <div
              class="grid__col col-auto u-flex-shrink"
            >
              <div
                class="header__title"
              >
                Generate UACs
              </div>
            </div>
          </div>
        </div>
      </div>
    </header>
    <div
      class="page__container container"
      style="min-height: calc(67vh);"
    >
      <main
        class="page__main"
        id="main-content"
      >
        <ul
          class="list list--bare list--inline u-mt-m"
        >
          <li
            class="list__item"
          >
            <a
              href="/upload"
              id="upload-sample-link"
            >
              Upload sample
            </a>
          </li>
          <li
            class="list__item"
          >
            <a
              href="/import"
              id="import-uacs-link"
            >
              Upload used UACs
            </a>
          </li>
        </ul>
        <h2
          class="u-mt-m"
        >
          Previously uploaded questionnaire samples
        </h2>
        <div>
          <div
            class="u-mt-m"
          >
            <div
              class="panel panel--info panel--no-title panel--spacious u-mt-m"
            >
              <div
                class="panel__body "
              />
            </div>
          </div>
        </div>
      </main>
    </div>
    <footer
      class="footer"
    >
      <div
        class="footer__body"
        data-analytics="footer"
      >
        <div
          class="container "
        >
          <div
            class="grid grid--flex grid--between"
          >
            <div
              class="grid__col"
            >
              <div
                class="u-mt-m u-mb-s"
              >
                <img
                  alt="Office for National Statistics"
                  src="https://ons-design-system.netlify.app/img/ons-logo-black-en.svg"
                />
              </div>
            </div>
          </div>
        </div>
      </div>
    </footer>
  </div>,
  "debug": [Function],
  "findAllByAltText": [Function],
  "findAllByDisplayValue": [Function],
  "findAllByLabelText": [Function],
  "findAllByPlaceholderText": [Function],
  "findAllByRole": [Function],
  "findAllByTestId": [Function],
  "findAllByText": [Function],
  "findAllByTitle": [Function],
  "findByAltText": [Function],
  "findByDisplayValue": [Function],
  "findByLabelText": [Function],
  "findByPlaceholderText": [Function],
  "findByRole": [Function],
  "findByTestId": [Function],
  "findByText": [Function],
  "findByTitle": [Function],
  "getAllByAltText": [Function],
  "getAllByDisplayValue": [Function],
  "getAllByLabelText": [Function],
  "getAllByPlaceholderText": [Function],
  "getAllByRole": [Function],
  "getAllByTestId": [Function],
  "getAllByText": [Function],
  "getAllByTitle": [Function],
  "getByAltText": [Function],
  "getByDisplayValue": [Function],
  "getByLabelText": [Function],
  "getByPlaceholderText": [Function],
  "getByRole": [Function],
  "getByTestId": [Function],
  "getByText": [Function],
  "getByTitle": [Function],
  "queryAllByAltText": [Function],
  "queryAllByDisplayValue": [Function],
  "queryAllByLabelText": [Function],
  "queryAllByPlaceholderText": [Function],
  "queryAllByRole": [Function],
  "queryAllByTestId": [Function],
  "queryAllByText": [Function],
  "queryAllByTitle": [Function],
  "queryByAltText": [Function],
  "queryByDisplayValue": [Function],
  "queryByLabelText": [Function],
  "queryByPlaceholderText": [Function],
  "queryByRole": [Function],
  "queryByTestId": [Function],
  "queryByText": [Function],
  "queryByTitle": [Function],
  "rerender": [Function],
  "unmount": [Function],
}
`;
